   1               	# 1 "BootloaderAPITable.S"
   1               	/*
   0               	
   0               	
   2               	             LUFA Library
   3               	     Copyright (C) Dean Camera, 2011.
   4               	
   5               	  dean [at] fourwalledcubicle [dot] com
   6               	           www.lufa-lib.org
   7               	*/
   8               	
   9               	/*
  10               	  Copyright 2011  Dean Camera (dean [at] fourwalledcubicle [dot] com)
  11               	
  12               	  Permission to use, copy, modify, distribute, and sell this
  13               	  software and its documentation for any purpose is hereby granted
  14               	  without fee, provided that the above copyright notice appear in
  15               	  all copies and that both that the copyright notice and this
  16               	  permission notice and warranty disclaimer appear in supporting
  17               	  documentation, and that the name of the author not be used in
  18               	  advertising or publicity pertaining to distribution of the
  19               	  software without specific, written prior permission.
  20               	
  21               	  The author disclaim all warranties with regard to this
  22               	  software, including all implied warranties of merchantability
  23               	  and fitness.  In no event shall the author be liable for any
  24               	  special, indirect or consequential damages or any damages
  25               	  whatsoever resulting from loss of use, data or profits, whether
  26               	  in an action of contract, negligence or other tortious action,
  27               	  arising out of or in connection with the use or performance of
  28               	  this software.
  29               	*/
  30               	
  31               	; Bootloader API Jump Table
  32               	.section .apitable, "ax"
  33               	.org 0
  34               	
  35               	; API function jump table
  36               	.global BootloaderAPI_JumpTable
  37               	BootloaderAPI_JumpTable:
  38:BootloaderAPITable.S **** 	rjmp BootloaderAPI_ErasePage
  39:BootloaderAPITable.S **** 	rjmp BootloaderAPI_WritePage
  40:BootloaderAPITable.S **** 	rjmp BootloaderAPI_FillWord
  41:BootloaderAPITable.S **** 	rjmp BootloaderAPI_ReadSignature
  42:BootloaderAPITable.S **** 	rjmp BootloaderAPI_ReadFuse
  43:BootloaderAPITable.S **** 	rjmp BootloaderAPI_ReadLock
  44:BootloaderAPITable.S **** 	rjmp BootloaderAPI_WriteLock
  45               	
  46               	; Bootloader table signature
  47 000e 0000 0000 	.org 30
  47      0000 0000 
  47      0000 0000 
  47      0000 0000 
  48 001e FBDC      		.word 0xDCFB
DEFINED SYMBOLS
BootloaderAPITable.S:37     .apitable:00000000 BootloaderAPI_JumpTable

UNDEFINED SYMBOLS
BootloaderAPI_ErasePage
BootloaderAPI_WritePage
BootloaderAPI_FillWord
BootloaderAPI_ReadSignature
BootloaderAPI_ReadFuse
BootloaderAPI_ReadLock
BootloaderAPI_WriteLock
