   1               		.file	"BootloaderAPI.c"
   2               	__SREG__ = 0x3f
   3               	__SP_H__ = 0x3e
   4               	__SP_L__ = 0x3d
   5               	__CCP__  = 0x34
   6               	__tmp_reg__ = 0
   7               	__zero_reg__ = 1
  15               	.Ltext0:
  16               		.section	.text.BootloaderAPI_ErasePage,"ax",@progbits
  17               	.global	BootloaderAPI_ErasePage
  19               	BootloaderAPI_ErasePage:
  20               	.LFB17:
  21               	.LSM0:
  22               	.LVL0:
  23               	/* prologue: function */
  24               	/* frame size = 0 */
  25 0000 9B01      		movw r18,r22
  26 0002 AC01      		movw r20,r24
  27               	.LVL1:
  28               	.L2:
  29               	.LSM1:
  30 0004 07B6      		in __tmp_reg__,87-32
  31 0006 00FC      		sbrc __tmp_reg__,0
  32 0008 00C0      		rjmp .L2
  33               	.L5:
  34 000a F999      		sbic 63-32,1
  35 000c 00C0      		rjmp .L5
  36 000e 83E0      		ldi r24,lo8(3)
  37               	/* #APP */
  38               	 ;  40 "BootloaderAPI.c" 1
  39 0010 F901      		movw r30, r18
  40 0012 4093 5B00 		sts  91, r20
  41 0016 8093 5700 		sts 87, r24
  42 001a E895      		spm
  43               		
  44               	 ;  0 "" 2
  45               	.LSM2:
  46               	/* #NOAPP */
  47 001c 81E1      		ldi r24,lo8(17)
  48               	/* #APP */
  49               	 ;  41 "BootloaderAPI.c" 1
  50 001e 8093 5700 		sts 87, r24
  51 0022 E895      		spm
  52               		
  53               	 ;  0 "" 2
  54               	/* epilogue start */
  55               	.LSM3:
  56               	/* #NOAPP */
  57 0024 0895      		ret
  58               	.LFE17:
  60               		.section	.text.BootloaderAPI_WritePage,"ax",@progbits
  61               	.global	BootloaderAPI_WritePage
  63               	BootloaderAPI_WritePage:
  64               	.LFB18:
  65               	.LSM4:
  66               	.LVL2:
  67               	/* prologue: function */
  68               	/* frame size = 0 */
  69 0000 9B01      		movw r18,r22
  70 0002 AC01      		movw r20,r24
  71               	.LVL3:
  72               	.L9:
  73               	.LSM5:
  74 0004 07B6      		in __tmp_reg__,87-32
  75 0006 00FC      		sbrc __tmp_reg__,0
  76 0008 00C0      		rjmp .L9
  77               	.L12:
  78 000a F999      		sbic 63-32,1
  79 000c 00C0      		rjmp .L12
  80 000e 85E0      		ldi r24,lo8(5)
  81               	/* #APP */
  82               	 ;  46 "BootloaderAPI.c" 1
  83 0010 F901      		movw r30, r18
  84 0012 4093 5B00 		sts 91, r20
  85 0016 8093 5700 		sts 87, r24
  86 001a E895      		spm
  87               		
  88               	 ;  0 "" 2
  89               	.LSM6:
  90               	/* #NOAPP */
  91 001c 81E1      		ldi r24,lo8(17)
  92               	/* #APP */
  93               	 ;  47 "BootloaderAPI.c" 1
  94 001e 8093 5700 		sts 87, r24
  95 0022 E895      		spm
  96               		
  97               	 ;  0 "" 2
  98               	/* epilogue start */
  99               	.LSM7:
 100               	/* #NOAPP */
 101 0024 0895      		ret
 102               	.LFE18:
 104               		.section	.text.BootloaderAPI_FillWord,"ax",@progbits
 105               	.global	BootloaderAPI_FillWord
 107               	BootloaderAPI_FillWord:
 108               	.LFB19:
 109               	.LSM8:
 110               	.LVL4:
 111 0000 0F93      		push r16
 112 0002 1F93      		push r17
 113               	/* prologue: function */
 114               	/* frame size = 0 */
 115 0004 8B01      		movw r16,r22
 116 0006 9C01      		movw r18,r24
 117               	.LVL5:
 118               	.L16:
 119               	.LSM9:
 120 0008 07B6      		in __tmp_reg__,87-32
 121 000a 00FC      		sbrc __tmp_reg__,0
 122 000c 00C0      		rjmp .L16
 123               	.L19:
 124 000e F999      		sbic 63-32,1
 125 0010 00C0      		rjmp .L19
 126 0012 81E0      		ldi r24,lo8(1)
 127               	/* #APP */
 128               	 ;  52 "BootloaderAPI.c" 1
 129 0014 0A01      		movw  r0, r20
 130 0016 F801      		movw r30, r16
 131 0018 2093 5B00 		sts 91, r18
 132 001c 8093 5700 		sts 87, r24
 133 0020 E895      		spm
 134 0022 1124      		clr  r1
 135               		
 136               	 ;  0 "" 2
 137               	/* epilogue start */
 138               	.LSM10:
 139               	/* #NOAPP */
 140 0024 1F91      		pop r17
 141 0026 0F91      		pop r16
 142               	.LVL6:
 143 0028 0895      		ret
 144               	.LFE19:
 146               		.section	.text.BootloaderAPI_ReadSignature,"ax",@progbits
 147               	.global	BootloaderAPI_ReadSignature
 149               	BootloaderAPI_ReadSignature:
 150               	.LFB20:
 151               	.LSM11:
 152               	.LVL7:
 153               	/* prologue: function */
 154               	/* frame size = 0 */
 155               	.LBB2:
 156               	.LSM12:
 157 0000 21E2      		ldi r18,lo8(33)
 158 0002 FC01      		movw r30,r24
 159               	/* #APP */
 160               	 ;  57 "BootloaderAPI.c" 1
 161 0004 2093 5700 		sts 87, r18
 162 0008 2491      		lpm r18, Z
 163               		
 164               	 ;  0 "" 2
 165               	.LVL8:
 166               	/* #NOAPP */
 167               	.LBE2:
 168               	.LSM13:
 169 000a 822F      		mov r24,r18
 170               	.LVL9:
 171               	/* epilogue start */
 172 000c 0895      		ret
 173               	.LFE20:
 175               		.section	.text.BootloaderAPI_ReadFuse,"ax",@progbits
 176               	.global	BootloaderAPI_ReadFuse
 178               	BootloaderAPI_ReadFuse:
 179               	.LFB21:
 180               	.LSM14:
 181               	.LVL10:
 182               	/* prologue: function */
 183               	/* frame size = 0 */
 184               	.LBB3:
 185               	.LSM15:
 186 0000 29E0      		ldi r18,lo8(9)
 187 0002 FC01      		movw r30,r24
 188               	/* #APP */
 189               	 ;  62 "BootloaderAPI.c" 1
 190 0004 2093 5700 		sts 87, r18
 191 0008 2491      		lpm r18, Z
 192               		
 193               	 ;  0 "" 2
 194               	.LVL11:
 195               	/* #NOAPP */
 196               	.LBE3:
 197               	.LSM16:
 198 000a 822F      		mov r24,r18
 199               	.LVL12:
 200               	/* epilogue start */
 201 000c 0895      		ret
 202               	.LFE21:
 204               		.section	.text.BootloaderAPI_ReadLock,"ax",@progbits
 205               	.global	BootloaderAPI_ReadLock
 207               	BootloaderAPI_ReadLock:
 208               	.LFB22:
 209               	.LSM17:
 210               	/* prologue: function */
 211               	/* frame size = 0 */
 212               	.LBB4:
 213               	.LSM18:
 214 0000 E1E0      		ldi r30,lo8(1)
 215 0002 F0E0      		ldi r31,hi8(1)
 216 0004 89E0      		ldi r24,lo8(9)
 217               	/* #APP */
 218               	 ;  67 "BootloaderAPI.c" 1
 219 0006 8093 5700 		sts 87, r24
 220 000a 8491      		lpm r24, Z
 221               		
 222               	 ;  0 "" 2
 223               	.LVL13:
 224               	.LVL14:
 225               	/* epilogue start */
 226               	/* #NOAPP */
 227               	.LBE4:
 228               	.LSM19:
 229 000c 0895      		ret
 230               	.LFE22:
 232               		.section	.text.BootloaderAPI_WriteLock,"ax",@progbits
 233               	.global	BootloaderAPI_WriteLock
 235               	BootloaderAPI_WriteLock:
 236               	.LFB23:
 237               	.LSM20:
 238               	.LVL15:
 239               	/* prologue: function */
 240               	/* frame size = 0 */
 241 0000 982F      		mov r25,r24
 242               	.LVL16:
 243               	.L29:
 244               	.LSM21:
 245 0002 07B6      		in __tmp_reg__,87-32
 246 0004 00FC      		sbrc __tmp_reg__,0
 247 0006 00C0      		rjmp .L29
 248               	.L32:
 249 0008 F999      		sbic 63-32,1
 250 000a 00C0      		rjmp .L32
 251               	.LBB5:
 252 000c 9095      		com r25
 253 000e 89E0      		ldi r24,lo8(9)
 254               	/* #APP */
 255               	 ;  72 "BootloaderAPI.c" 1
 256 0010 E1E0      		ldi r30, 1
 257 0012 F0E0      		ldi r31, 0
 258 0014 092E      		mov r0, r25
 259 0016 8093 5700 		sts 87, r24
 260 001a E895      		spm
 261               		
 262               	 ;  0 "" 2
 263               	/* epilogue start */
 264               	/* #NOAPP */
 265               	.LBE5:
 266               	.LSM22:
 267 001c 0895      		ret
 268               	.LFE23:
 342               	.Letext0:
DEFINED SYMBOLS
                            *ABS*:00000000 BootloaderAPI.c
/var/folders/z6/vpmk4_yd42j_9xbv3n5kw3wc0000gn/T//cc4L5VVC.s:2      *ABS*:0000003f __SREG__
/var/folders/z6/vpmk4_yd42j_9xbv3n5kw3wc0000gn/T//cc4L5VVC.s:3      *ABS*:0000003e __SP_H__
/var/folders/z6/vpmk4_yd42j_9xbv3n5kw3wc0000gn/T//cc4L5VVC.s:4      *ABS*:0000003d __SP_L__
/var/folders/z6/vpmk4_yd42j_9xbv3n5kw3wc0000gn/T//cc4L5VVC.s:5      *ABS*:00000034 __CCP__
/var/folders/z6/vpmk4_yd42j_9xbv3n5kw3wc0000gn/T//cc4L5VVC.s:6      *ABS*:00000000 __tmp_reg__
/var/folders/z6/vpmk4_yd42j_9xbv3n5kw3wc0000gn/T//cc4L5VVC.s:7      *ABS*:00000001 __zero_reg__
/var/folders/z6/vpmk4_yd42j_9xbv3n5kw3wc0000gn/T//cc4L5VVC.s:19     .text.BootloaderAPI_ErasePage:00000000 BootloaderAPI_ErasePage
/var/folders/z6/vpmk4_yd42j_9xbv3n5kw3wc0000gn/T//cc4L5VVC.s:63     .text.BootloaderAPI_WritePage:00000000 BootloaderAPI_WritePage
/var/folders/z6/vpmk4_yd42j_9xbv3n5kw3wc0000gn/T//cc4L5VVC.s:107    .text.BootloaderAPI_FillWord:00000000 BootloaderAPI_FillWord
/var/folders/z6/vpmk4_yd42j_9xbv3n5kw3wc0000gn/T//cc4L5VVC.s:149    .text.BootloaderAPI_ReadSignature:00000000 BootloaderAPI_ReadSignature
/var/folders/z6/vpmk4_yd42j_9xbv3n5kw3wc0000gn/T//cc4L5VVC.s:178    .text.BootloaderAPI_ReadFuse:00000000 BootloaderAPI_ReadFuse
/var/folders/z6/vpmk4_yd42j_9xbv3n5kw3wc0000gn/T//cc4L5VVC.s:207    .text.BootloaderAPI_ReadLock:00000000 BootloaderAPI_ReadLock
/var/folders/z6/vpmk4_yd42j_9xbv3n5kw3wc0000gn/T//cc4L5VVC.s:235    .text.BootloaderAPI_WriteLock:00000000 BootloaderAPI_WriteLock

NO UNDEFINED SYMBOLS
