   1               		.file	"Descriptors.c"
   2               	__SREG__ = 0x3f
   3               	__SP_H__ = 0x3e
   4               	__SP_L__ = 0x3d
   5               	__CCP__  = 0x34
   6               	__tmp_reg__ = 0
   7               	__zero_reg__ = 1
  15               	.Ltext0:
  16               		.section	.text.CALLBACK_USB_GetDescriptor,"ax",@progbits
  17               	.global	CALLBACK_USB_GetDescriptor
  19               	CALLBACK_USB_GetDescriptor:
  20               	.LFB97:
  21               	.LSM0:
  22               	.LVL0:
  23               	/* prologue: function */
  24               	/* frame size = 0 */
  25 0000 FA01      		movw r30,r20
  26               	.LSM1:
  27 0002 9230      		cpi r25,lo8(2)
  28               	.LVL1:
  29 0004 01F0      		breq .L4
  30               	.LVL2:
  31 0006 9330      		cpi r25,lo8(3)
  32 0008 01F0      		breq .L5
  33 000a 9130      		cpi r25,lo8(1)
  34 000c 01F4      		brne .L9
  35 000e 80E0      		ldi r24,lo8(DeviceDescriptor)
  36 0010 90E0      		ldi r25,hi8(DeviceDescriptor)
  37               	.LVL3:
  38 0012 22E1      		ldi r18,lo8(18)
  39 0014 30E0      		ldi r19,hi8(18)
  40               	.LVL4:
  41 0016 00C0      		rjmp .L6
  42               	.LVL5:
  43               	.L9:
  44 0018 80E0      		ldi r24,lo8(0)
  45 001a 90E0      		ldi r25,hi8(0)
  46               	.LVL6:
  47 001c 20E0      		ldi r18,lo8(0)
  48 001e 30E0      		ldi r19,hi8(0)
  49               	.LVL7:
  50 0020 00C0      		rjmp .L6
  51               	.LVL8:
  52               	.L4:
  53 0022 80E0      		ldi r24,lo8(ConfigurationDescriptor)
  54 0024 90E0      		ldi r25,hi8(ConfigurationDescriptor)
  55               	.LVL9:
  56 0026 2BE1      		ldi r18,lo8(27)
  57 0028 30E0      		ldi r19,hi8(27)
  58               	.LVL10:
  59 002a 00C0      		rjmp .L6
  60               	.LVL11:
  61               	.L5:
  62               	.LSM2:
  63 002c 8823      		tst r24
  64 002e 01F4      		brne .L7
  65 0030 80E0      		ldi r24,lo8(LanguageString)
  66 0032 90E0      		ldi r25,hi8(LanguageString)
  67               	.LVL12:
  68 0034 24E0      		ldi r18,lo8(4)
  69 0036 30E0      		ldi r19,hi8(4)
  70               	.LVL13:
  71 0038 00C0      		rjmp .L6
  72               	.LVL14:
  73               	.L7:
  74 003a 80E0      		ldi r24,lo8(ProductString)
  75 003c 90E0      		ldi r25,hi8(ProductString)
  76               	.LVL15:
  77 003e 24E3      		ldi r18,lo8(52)
  78 0040 30E0      		ldi r19,hi8(52)
  79               	.LVL16:
  80               	.L6:
  81               	.LSM3:
  82 0042 9183      		std Z+1,r25
  83 0044 8083      		st Z,r24
  84               	.LSM4:
  85 0046 C901      		movw r24,r18
  86               	.LVL17:
  87               	/* epilogue start */
  88 0048 0895      		ret
  89               	.LFE97:
  91               	.global	DeviceDescriptor
  92               		.data
  95               	DeviceDescriptor:
  96 0000 12        		.byte	18
  97 0001 01        		.byte	1
  98 0002 1001      		.word	272
  99 0004 00        		.byte	0
 100 0005 00        		.byte	0
 101 0006 00        		.byte	0
 102 0007 20        		.byte	32
 103 0008 EB03      		.word	1003
 104 000a FB2F      		.word	12283
 105 000c 0000      		.word	0
 106 000e 00        		.byte	0
 107 000f 01        		.byte	1
 108 0010 00        		.byte	0
 109 0011 01        		.byte	1
 110               	.global	ConfigurationDescriptor
 113               	ConfigurationDescriptor:
 114 0012 09        		.byte	9
 115 0013 02        		.byte	2
 116 0014 1B00      		.word	27
 117 0016 01        		.byte	1
 118 0017 01        		.byte	1
 119 0018 00        		.byte	0
 120 0019 80        		.byte	-128
 121 001a 32        		.byte	50
 122 001b 09        		.byte	9
 123 001c 04        		.byte	4
 124 001d 00        		.byte	0
 125 001e 00        		.byte	0
 126 001f 00        		.byte	0
 127 0020 FE        		.byte	-2
 128 0021 01        		.byte	1
 129 0022 02        		.byte	2
 130 0023 00        		.byte	0
 131 0024 09        		.byte	9
 132 0025 21        		.byte	33
 133 0026 03        		.byte	3
 134 0027 0000      		.word	0
 135 0029 000C      		.word	3072
 136 002b 0001      		.word	256
 137               	.global	LanguageString
 140               	LanguageString:
 141 002d 04        		.byte	4
 142 002e 03        		.byte	3
 143 002f 0904      		.word	1033
 144               	.global	ProductString
 147               	ProductString:
 148 0031 34        		.byte	52
 149 0032 03        		.byte	3
 150 0033 5400      		.string	"T"
 151 0035 6900      		.string	"i"
 152 0037 6D00      		.string	"m"
 153 0039 6500      		.string	"e"
 154 003b 6C00      		.string	"l"
 155 003d 6100      		.string	"a"
 156 003f 7000      		.string	"p"
 157 0041 7300      		.string	"s"
 158 0043 6500      		.string	"e"
 159 0045 2B00      		.string	"+"
 160 0047 2000      		.string	" "
 161 0049 4400      		.string	"D"
 162 004b 4600      		.string	"F"
 163 004d 5500      		.string	"U"
 164 004f 2000      		.string	" "
 165 0051 4200      		.string	"B"
 166 0053 6F00      		.string	"o"
 167 0055 6F00      		.string	"o"
 168 0057 7400      		.string	"t"
 169 0059 6C00      		.string	"l"
 170 005b 6F00      		.string	"o"
 171 005d 6100      		.string	"a"
 172 005f 6400      		.string	"d"
 173 0061 6500      		.string	"e"
 174 0063 7200      		.string	"r"
 175 0065 00        		.string	""
 176 0066 00        		.string	""
 201               	.Letext0:
DEFINED SYMBOLS
                            *ABS*:00000000 Descriptors.c
/var/folders/z6/vpmk4_yd42j_9xbv3n5kw3wc0000gn/T//ccDO8LZO.s:2      *ABS*:0000003f __SREG__
/var/folders/z6/vpmk4_yd42j_9xbv3n5kw3wc0000gn/T//ccDO8LZO.s:3      *ABS*:0000003e __SP_H__
/var/folders/z6/vpmk4_yd42j_9xbv3n5kw3wc0000gn/T//ccDO8LZO.s:4      *ABS*:0000003d __SP_L__
/var/folders/z6/vpmk4_yd42j_9xbv3n5kw3wc0000gn/T//ccDO8LZO.s:5      *ABS*:00000034 __CCP__
/var/folders/z6/vpmk4_yd42j_9xbv3n5kw3wc0000gn/T//ccDO8LZO.s:6      *ABS*:00000000 __tmp_reg__
/var/folders/z6/vpmk4_yd42j_9xbv3n5kw3wc0000gn/T//ccDO8LZO.s:7      *ABS*:00000001 __zero_reg__
/var/folders/z6/vpmk4_yd42j_9xbv3n5kw3wc0000gn/T//ccDO8LZO.s:19     .text.CALLBACK_USB_GetDescriptor:00000000 CALLBACK_USB_GetDescriptor
/var/folders/z6/vpmk4_yd42j_9xbv3n5kw3wc0000gn/T//ccDO8LZO.s:95     .data:00000000 DeviceDescriptor
/var/folders/z6/vpmk4_yd42j_9xbv3n5kw3wc0000gn/T//ccDO8LZO.s:113    .data:00000012 ConfigurationDescriptor
/var/folders/z6/vpmk4_yd42j_9xbv3n5kw3wc0000gn/T//ccDO8LZO.s:140    .data:0000002d LanguageString
/var/folders/z6/vpmk4_yd42j_9xbv3n5kw3wc0000gn/T//ccDO8LZO.s:147    .data:00000031 ProductString

UNDEFINED SYMBOLS
__do_copy_data
